> Task :app:preBuild UP-TO-DATE
> Task :app:preDebugBuild UP-TO-DATE
> Task :app:mergeDebugNativeDebugMetadata NO-SOURCE
> Task :app:dataBindingMergeDependencyArtifactsDebug UP-TO-DATE
> Task :app:generateDebugResValues UP-TO-DATE
> Task :app:generateDebugResources UP-TO-DATE
> Task :core:ai:preBuild UP-TO-DATE
> Task :core:ai:preDebugBuild UP-TO-DATE
> Task :core:ai:generateDebugResValues UP-TO-DATE
> Task :core:ai:generateDebugResources UP-TO-DATE
> Task :core:ai:packageDebugResources UP-TO-DATE
> Task :core:data:preBuild UP-TO-DATE
> Task :core:data:preDebugBuild UP-TO-DATE
> Task :core:data:generateDebugResValues UP-TO-DATE
> Task :core:data:generateDebugResources UP-TO-DATE
> Task :core:data:packageDebugResources UP-TO-DATE
> Task :core:model:preBuild UP-TO-DATE
> Task :core:model:preDebugBuild UP-TO-DATE
> Task :core:model:generateDebugResValues UP-TO-DATE
> Task :core:model:generateDebugResources UP-TO-DATE
> Task :core:model:packageDebugResources UP-TO-DATE
> Task :core:ui:preBuild UP-TO-DATE
> Task :core:ui:preDebugBuild UP-TO-DATE
> Task :core:ui:generateDebugResValues UP-TO-DATE
> Task :core:ui:generateDebugResources UP-TO-DATE
> Task :core:ui:packageDebugResources UP-TO-DATE
> Task :feature:channels:preBuild UP-TO-DATE
> Task :feature:channels:preDebugBuild UP-TO-DATE
> Task :feature:channels:generateDebugResValues UP-TO-DATE
> Task :feature:channels:generateDebugResources UP-TO-DATE
> Task :feature:channels:packageDebugResources UP-TO-DATE
> Task :feature:chat:preBuild UP-TO-DATE
> Task :feature:chat:preDebugBuild UP-TO-DATE
> Task :feature:chat:generateDebugResValues UP-TO-DATE
> Task :feature:chat:generateDebugResources
> Task :feature:chat:packageDebugResources
> Task :feature:settings:preBuild UP-TO-DATE
> Task :feature:settings:preDebugBuild UP-TO-DATE
> Task :feature:settings:generateDebugResValues UP-TO-DATE
> Task :feature:settings:generateDebugResources UP-TO-DATE
> Task :feature:settings:packageDebugResources UP-TO-DATE
> Task :feature:tools:preBuild UP-TO-DATE
> Task :feature:tools:preDebugBuild UP-TO-DATE
> Task :feature:tools:generateDebugResValues UP-TO-DATE
> Task :feature:tools:generateDebugResources UP-TO-DATE
> Task :feature:tools:packageDebugResources UP-TO-DATE
> Task :feature:voice:preBuild UP-TO-DATE
> Task :feature:voice:preDebugBuild UP-TO-DATE
> Task :feature:voice:generateDebugResValues UP-TO-DATE
> Task :feature:voice:generateDebugResources UP-TO-DATE
> Task :feature:voice:packageDebugResources UP-TO-DATE
> Task :app:mergeDebugResources
> Task :app:packageDebugResources UP-TO-DATE
> Task :app:parseDebugLocalResources UP-TO-DATE
> Task :core:ai:parseDebugLocalResources UP-TO-DATE
> Task :core:ai:generateDebugRFile UP-TO-DATE
> Task :core:data:parseDebugLocalResources UP-TO-DATE
> Task :core:data:generateDebugRFile UP-TO-DATE
> Task :core:model:parseDebugLocalResources UP-TO-DATE
> Task :core:model:generateDebugRFile UP-TO-DATE
> Task :core:ui:dataBindingMergeDependencyArtifactsDebug UP-TO-DATE
> Task :core:ui:parseDebugLocalResources UP-TO-DATE
> Task :core:ui:dataBindingGenBaseClassesDebug UP-TO-DATE
> Task :core:ui:generateDebugRFile UP-TO-DATE
> Task :feature:channels:dataBindingMergeDependencyArtifactsDebug UP-TO-DATE
> Task :feature:channels:parseDebugLocalResources UP-TO-DATE
> Task :feature:channels:dataBindingGenBaseClassesDebug UP-TO-DATE
> Task :feature:channels:generateDebugRFile UP-TO-DATE
> Task :feature:chat:dataBindingMergeDependencyArtifactsDebug UP-TO-DATE
> Task :feature:settings:dataBindingMergeDependencyArtifactsDebug UP-TO-DATE
> Task :feature:chat:parseDebugLocalResources
> Task :feature:settings:parseDebugLocalResources UP-TO-DATE
> Task :feature:chat:dataBindingGenBaseClassesDebug
> Task :feature:settings:dataBindingGenBaseClassesDebug UP-TO-DATE
> Task :feature:settings:generateDebugRFile UP-TO-DATE
> Task :feature:tools:dataBindingMergeDependencyArtifactsDebug UP-TO-DATE
> Task :feature:tools:parseDebugLocalResources UP-TO-DATE
> Task :feature:chat:generateDebugRFile
> Task :feature:tools:dataBindingGenBaseClassesDebug UP-TO-DATE
> Task :feature:tools:generateDebugRFile UP-TO-DATE
> Task :feature:voice:dataBindingMergeDependencyArtifactsDebug UP-TO-DATE
> Task :feature:voice:parseDebugLocalResources UP-TO-DATE
> Task :feature:voice:dataBindingGenBaseClassesDebug UP-TO-DATE
> Task :feature:voice:generateDebugRFile UP-TO-DATE
> Task :app:dataBindingGenBaseClassesDebug
> Task :app:generateDebugBuildConfig UP-TO-DATE
> Task :app:javaPreCompileDebug UP-TO-DATE
> Task :core:ai:writeDebugAarMetadata UP-TO-DATE
> Task :core:data:writeDebugAarMetadata UP-TO-DATE
> Task :core:model:writeDebugAarMetadata UP-TO-DATE
> Task :core:ui:writeDebugAarMetadata UP-TO-DATE
> Task :feature:channels:writeDebugAarMetadata UP-TO-DATE
> Task :feature:chat:writeDebugAarMetadata UP-TO-DATE
> Task :feature:settings:writeDebugAarMetadata UP-TO-DATE
> Task :feature:tools:writeDebugAarMetadata UP-TO-DATE
> Task :feature:voice:writeDebugAarMetadata UP-TO-DATE
> Task :app:checkDebugAarMetadata UP-TO-DATE
> Task :app:mapDebugSourceSetPaths
> Task :app:createDebugCompatibleScreenManifests UP-TO-DATE
> Task :app:extractDeepLinksDebug UP-TO-DATE
> Task :core:ai:extractDeepLinksDebug UP-TO-DATE
> Task :core:ai:processDebugManifest UP-TO-DATE
> Task :core:data:extractDeepLinksDebug UP-TO-DATE
> Task :core:data:processDebugManifest UP-TO-DATE
> Task :core:model:extractDeepLinksDebug UP-TO-DATE
> Task :core:model:processDebugManifest UP-TO-DATE
> Task :core:ui:extractDeepLinksDebug UP-TO-DATE
> Task :core:ui:processDebugManifest UP-TO-DATE
> Task :feature:channels:extractDeepLinksDebug UP-TO-DATE
> Task :feature:channels:processDebugManifest UP-TO-DATE
> Task :feature:chat:extractDeepLinksDebug UP-TO-DATE
> Task :feature:chat:processDebugManifest UP-TO-DATE
> Task :feature:settings:extractDeepLinksDebug UP-TO-DATE
> Task :feature:settings:processDebugManifest UP-TO-DATE
> Task :feature:tools:extractDeepLinksDebug UP-TO-DATE
> Task :feature:tools:processDebugManifest UP-TO-DATE
> Task :feature:voice:extractDeepLinksDebug UP-TO-DATE
> Task :feature:voice:processDebugManifest UP-TO-DATE
> Task :app:processDebugMainManifest
> Task :app:processDebugManifest
> Task :core:ai:compileDebugLibraryResources UP-TO-DATE
> Task :core:data:compileDebugLibraryResources UP-TO-DATE
> Task :core:model:compileDebugLibraryResources UP-TO-DATE
> Task :core:ui:compileDebugLibraryResources UP-TO-DATE
> Task :feature:channels:compileDebugLibraryResources UP-TO-DATE
> Task :feature:settings:compileDebugLibraryResources UP-TO-DATE
> Task :feature:tools:compileDebugLibraryResources UP-TO-DATE
> Task :feature:voice:compileDebugLibraryResources UP-TO-DATE
> Task :core:ai:javaPreCompileDebug UP-TO-DATE
> Task :feature:chat:compileDebugLibraryResources
> Task :core:data:javaPreCompileDebug UP-TO-DATE
> Task :core:model:javaPreCompileDebug UP-TO-DATE
> Task :core:model:compileDebugJavaWithJavac
> Task :core:ui:javaPreCompileDebug UP-TO-DATE
> Task :feature:channels:javaPreCompileDebug UP-TO-DATE
> Task :feature:chat:javaPreCompileDebug UP-TO-DATE
> Task :feature:settings:javaPreCompileDebug UP-TO-DATE
> Task :core:model:bundleLibCompileToJarDebug
> Task :core:model:bundleLibRuntimeToJarDebug
> Task :feature:tools:javaPreCompileDebug UP-TO-DATE

> Task :core:data:compileDebugJavaWithJavac
.\gradlew.bat : C:\Users\User\WorkStation\ClawDroid\core\data\src\main\java\com
\clawdroid\core\data\db\ClawDroidDatabase.java:30: warning: Schema export direc
tory was not provided to the annotation processor so Room cannot export the sch
ema. You can either provide `room.schemaLocation` annotation processor argument
 by applying the Room Gradle plugin (id 'androidx.room') OR set exportSchema to
 false.
위치 줄:1 문자:1
+ .\gradlew.bat assembleDebug 2>&1 | Tee-Object -FilePath "build_output ...
+ ~~~~~~~~~~~~~~~~~~~~~~~~~~~~~~~~
    + CategoryInfo          : NotSpecified: (C:\Users\User\W...chema to false. 
   :String) [], RemoteException
    + FullyQualifiedErrorId : NativeCommandError
 
public abstract class ClawDroidDatabase extends RoomDatabase {
                ^
1 warning

> Task :core:data:transformDebugClassesWithAsm
> Task :core:ui:compileDebugJavaWithJavac
> Task :core:ui:bundleLibCompileToJarDebug UP-TO-DATE
> Task :core:ui:bundleLibRuntimeToJarDebug UP-TO-DATE
> Task :feature:voice:javaPreCompileDebug UP-TO-DATE
> Task :app:mergeDebugShaders UP-TO-DATE
> Task :app:compileDebugShaders NO-SOURCE
> Task :app:generateDebugAssets UP-TO-DATE
> Task :core:ai:mergeDebugShaders UP-TO-DATE
> Task :core:ai:compileDebugShaders NO-SOURCE
> Task :core:ai:generateDebugAssets UP-TO-DATE
> Task :core:ai:packageDebugAssets UP-TO-DATE
> Task :core:data:mergeDebugShaders UP-TO-DATE
> Task :core:data:compileDebugShaders NO-SOURCE
> Task :core:data:generateDebugAssets UP-TO-DATE
> Task :core:data:packageDebugAssets UP-TO-DATE
> Task :app:processDebugManifestForPackage
> Task :core:data:bundleLibCompileToJarDebug
> Task :core:data:bundleLibRuntimeToJarDebug
> Task :core:ai:compileDebugJavaWithJavac
> Task :core:model:mergeDebugShaders UP-TO-DATE
> Task :core:model:compileDebugShaders NO-SOURCE
> Task :core:model:generateDebugAssets UP-TO-DATE
> Task :core:model:packageDebugAssets UP-TO-DATE
> Task :core:ui:mergeDebugShaders UP-TO-DATE
> Task :core:ui:compileDebugShaders NO-SOURCE
> Task :core:ui:generateDebugAssets UP-TO-DATE
> Task :core:ui:packageDebugAssets UP-TO-DATE
> Task :feature:channels:mergeDebugShaders UP-TO-DATE
> Task :feature:channels:compileDebugShaders NO-SOURCE
> Task :feature:channels:generateDebugAssets UP-TO-DATE
> Task :feature:channels:packageDebugAssets UP-TO-DATE
> Task :feature:chat:mergeDebugShaders UP-TO-DATE
> Task :feature:chat:compileDebugShaders NO-SOURCE
> Task :feature:chat:generateDebugAssets UP-TO-DATE
> Task :feature:chat:packageDebugAssets UP-TO-DATE
> Task :feature:settings:mergeDebugShaders UP-TO-DATE
> Task :feature:settings:compileDebugShaders NO-SOURCE
> Task :feature:settings:generateDebugAssets UP-TO-DATE
> Task :feature:settings:packageDebugAssets UP-TO-DATE
> Task :feature:tools:mergeDebugShaders UP-TO-DATE
> Task :feature:tools:compileDebugShaders NO-SOURCE
> Task :feature:tools:generateDebugAssets UP-TO-DATE
> Task :feature:tools:packageDebugAssets UP-TO-DATE
> Task :feature:voice:mergeDebugShaders UP-TO-DATE
> Task :feature:voice:compileDebugShaders NO-SOURCE
> Task :feature:voice:generateDebugAssets UP-TO-DATE
> Task :feature:voice:packageDebugAssets UP-TO-DATE
> Task :app:mergeDebugAssets UP-TO-DATE
> Task :app:compressDebugAssets UP-TO-DATE
> Task :app:desugarDebugFileDependencies UP-TO-DATE
> Task :core:ai:processDebugJavaRes UP-TO-DATE
> Task :core:data:processDebugJavaRes UP-TO-DATE
> Task :core:model:processDebugJavaRes NO-SOURCE
> Task :core:ui:processDebugJavaRes UP-TO-DATE
> Task :app:checkDebugDuplicateClasses UP-TO-DATE
> Task :app:mergeExtDexDebug UP-TO-DATE
> Task :core:ui:bundleLibRuntimeToDirDebug UP-TO-DATE
> Task :app:mergeDebugJniLibFolders UP-TO-DATE
> Task :core:ai:mergeDebugJniLibFolders UP-TO-DATE
> Task :core:ai:mergeDebugNativeLibs NO-SOURCE
> Task :core:ai:copyDebugJniLibsProjectOnly UP-TO-DATE
> Task :core:data:mergeDebugJniLibFolders UP-TO-DATE
> Task :core:model:bundleLibRuntimeToDirDebug
> Task :core:data:mergeDebugNativeLibs NO-SOURCE
> Task :core:data:copyDebugJniLibsProjectOnly UP-TO-DATE
> Task :core:model:mergeDebugJniLibFolders UP-TO-DATE
> Task :core:model:mergeDebugNativeLibs NO-SOURCE
> Task :core:model:copyDebugJniLibsProjectOnly UP-TO-DATE
> Task :core:ui:mergeDebugJniLibFolders UP-TO-DATE
> Task :core:ui:mergeDebugNativeLibs NO-SOURCE
> Task :core:ui:copyDebugJniLibsProjectOnly UP-TO-DATE
> Task :feature:channels:mergeDebugJniLibFolders UP-TO-DATE
> Task :feature:channels:mergeDebugNativeLibs NO-SOURCE
> Task :core:data:bundleLibRuntimeToDirDebug
> Task :feature:channels:copyDebugJniLibsProjectOnly UP-TO-DATE
> Task :feature:chat:mergeDebugJniLibFolders UP-TO-DATE
> Task :feature:chat:mergeDebugNativeLibs NO-SOURCE
> Task :feature:chat:copyDebugJniLibsProjectOnly UP-TO-DATE
> Task :feature:settings:mergeDebugJniLibFolders UP-TO-DATE
> Task :feature:settings:mergeDebugNativeLibs NO-SOURCE
> Task :feature:settings:copyDebugJniLibsProjectOnly UP-TO-DATE
> Task :feature:tools:mergeDebugJniLibFolders UP-TO-DATE
> Task :feature:tools:mergeDebugNativeLibs NO-SOURCE
> Task :feature:tools:copyDebugJniLibsProjectOnly UP-TO-DATE
> Task :feature:voice:mergeDebugJniLibFolders UP-TO-DATE
> Task :feature:voice:mergeDebugNativeLibs NO-SOURCE
> Task :feature:voice:copyDebugJniLibsProjectOnly UP-TO-DATE
> Task :app:mergeDebugNativeLibs NO-SOURCE
> Task :app:stripDebugDebugSymbols NO-SOURCE
> Task :app:validateSigningDebug UP-TO-DATE
> Task :app:writeDebugAppMetadata UP-TO-DATE
> Task :app:writeDebugSigningConfigVersions UP-TO-DATE
> Task :core:ai:stripDebugDebugSymbols NO-SOURCE
> Task :core:ai:copyDebugJniLibsProjectAndLocalJars UP-TO-DATE
> Task :core:ai:extractDebugAnnotations UP-TO-DATE
> Task :core:ai:extractDeepLinksForAarDebug UP-TO-DATE
> Task :core:ai:prepareDebugArtProfile UP-TO-DATE
> Task :core:ai:prepareLintJarForPublish UP-TO-DATE
> Task :core:ai:mergeDebugJavaResource UP-TO-DATE
> Task :core:data:stripDebugDebugSymbols NO-SOURCE
> Task :core:data:copyDebugJniLibsProjectAndLocalJars UP-TO-DATE
> Task :core:ai:transformDebugClassesWithAsm
> Task :core:data:extractDebugAnnotations UP-TO-DATE
> Task :core:ai:mergeDebugGeneratedProguardFiles UP-TO-DATE
> Task :core:ai:mergeDebugConsumerProguardFiles UP-TO-DATE
> Task :core:ai:syncDebugLibJars UP-TO-DATE
> Task :core:ai:bundleDebugAar UP-TO-DATE
> Task :core:ai:assembleDebug UP-TO-DATE
> Task :core:data:extractDeepLinksForAarDebug UP-TO-DATE
> Task :core:data:mergeDebugGeneratedProguardFiles UP-TO-DATE
> Task :core:data:mergeDebugConsumerProguardFiles UP-TO-DATE
> Task :core:data:prepareDebugArtProfile UP-TO-DATE
> Task :core:data:prepareLintJarForPublish UP-TO-DATE
> Task :core:ai:bundleLibCompileToJarDebug
> Task :core:data:mergeDebugJavaResource UP-TO-DATE
> Task :core:ai:bundleLibRuntimeToJarDebug
> Task :core:ai:bundleLibRuntimeToDirDebug
> Task :app:processDebugResources

> Task :feature:channels:compileDebugJavaWithJavac
Note: Some input files use or override a deprecated API.
Note: Recompile with -Xlint:deprecation for details.

> Task :feature:channels:transformDebugClassesWithAsm

> Task :feature:chat:compileDebugJavaWithJavac
Note: C:\Users\User\WorkStation\ClawDroid\feature\chat\src\main\java\com\clawdr
oid\feature\chat\ui\ChatFragment.java uses or overrides a deprecated API.
Note: Recompile with -Xlint:deprecation for details.
Note: C:\Users\User\WorkStation\ClawDroid\feature\chat\src\main\java\com\clawdr
oid\feature\chat\viewmodel\ChatViewModel.java uses unchecked or unsafe operatio
ns.
Note: Recompile with -Xlint:unchecked for details.

> Task :feature:channels:bundleLibCompileToJarDebug
> Task :feature:chat:transformDebugClassesWithAsm
> Task :feature:settings:compileDebugJavaWithJavac
> Task :feature:chat:bundleLibCompileToJarDebug
> Task :feature:settings:transformDebugClassesWithAsm

> Task :feature:tools:compileDebugJavaWithJavac
Note: C:\Users\User\WorkStation\ClawDroid\feature\tools\src\main\java\com\clawd
roid\feature\tools\builtin\LocationTool.java uses or overrides a deprecated API
.
Note: Recompile with -Xlint:deprecation for details.

> Task :feature:settings:bundleLibCompileToJarDebug
> Task :feature:tools:transformDebugClassesWithAsm

> Task :feature:voice:compileDebugJavaWithJavac
Note: C:\Users\User\WorkStation\ClawDroid\feature\voice\src\main\java\com\clawd
roid\feature\voice\speech\TtsManager.java uses or overrides a deprecated API.
Note: Recompile with -Xlint:deprecation for details.

> Task :feature:channels:processDebugJavaRes UP-TO-DATE
> Task :feature:chat:processDebugJavaRes UP-TO-DATE
> Task :feature:settings:processDebugJavaRes UP-TO-DATE
> Task :feature:tools:processDebugJavaRes UP-TO-DATE
> Task :feature:voice:processDebugJavaRes UP-TO-DATE
> Task :feature:chat:bundleLibRuntimeToJarDebug
> Task :core:data:syncDebugLibJars UP-TO-DATE
> Task :core:data:bundleDebugAar UP-TO-DATE
> Task :core:data:assembleDebug UP-TO-DATE
> Task :core:model:stripDebugDebugSymbols NO-SOURCE
> Task :core:model:copyDebugJniLibsProjectAndLocalJars UP-TO-DATE
> Task :feature:tools:bundleLibCompileToJarDebug
> Task :feature:tools:bundleLibRuntimeToJarDebug
> Task :feature:settings:bundleLibRuntimeToJarDebug
> Task :core:model:extractDebugAnnotations UP-TO-DATE
> Task :core:model:extractDeepLinksForAarDebug UP-TO-DATE
> Task :core:model:mergeDebugGeneratedProguardFiles UP-TO-DATE
> Task :core:model:mergeDebugConsumerProguardFiles UP-TO-DATE
> Task :core:model:prepareDebugArtProfile UP-TO-DATE
> Task :core:model:prepareLintJarForPublish UP-TO-DATE
> Task :core:model:mergeDebugJavaResource UP-TO-DATE
> Task :feature:settings:bundleLibRuntimeToDirDebug
> Task :feature:channels:bundleLibRuntimeToJarDebug
> Task :core:model:syncDebugLibJars UP-TO-DATE
> Task :core:model:bundleDebugAar UP-TO-DATE
> Task :core:model:assembleDebug UP-TO-DATE
> Task :core:ui:stripDebugDebugSymbols NO-SOURCE
> Task :core:ui:copyDebugJniLibsProjectAndLocalJars UP-TO-DATE
> Task :core:ui:extractDebugAnnotations UP-TO-DATE
> Task :core:ui:extractDeepLinksForAarDebug UP-TO-DATE
> Task :core:ui:mergeDebugGeneratedProguardFiles UP-TO-DATE
> Task :core:ui:mergeDebugConsumerProguardFiles UP-TO-DATE
> Task :core:ui:prepareDebugArtProfile UP-TO-DATE
> Task :core:ui:prepareLintJarForPublish UP-TO-DATE
> Task :core:ui:mergeDebugJavaResource UP-TO-DATE
> Task :core:ui:syncDebugLibJars UP-TO-DATE
> Task :core:ui:bundleDebugAar UP-TO-DATE
> Task :core:ui:assembleDebug UP-TO-DATE
> Task :feature:channels:stripDebugDebugSymbols NO-SOURCE
> Task :feature:channels:copyDebugJniLibsProjectAndLocalJars UP-TO-DATE
> Task :feature:channels:extractDebugAnnotations UP-TO-DATE
> Task :feature:channels:extractDeepLinksForAarDebug UP-TO-DATE
> Task :feature:channels:mergeDebugGeneratedProguardFiles UP-TO-DATE
> Task :feature:channels:mergeDebugConsumerProguardFiles UP-TO-DATE
> Task :feature:channels:prepareDebugArtProfile UP-TO-DATE
> Task :feature:channels:prepareLintJarForPublish UP-TO-DATE
> Task :feature:channels:mergeDebugJavaResource UP-TO-DATE
> Task :feature:channels:syncDebugLibJars UP-TO-DATE
> Task :feature:channels:bundleDebugAar UP-TO-DATE
> Task :feature:channels:assembleDebug UP-TO-DATE
> Task :feature:chat:stripDebugDebugSymbols NO-SOURCE
> Task :feature:chat:copyDebugJniLibsProjectAndLocalJars UP-TO-DATE
> Task :feature:chat:extractDebugAnnotations
> Task :feature:chat:extractDeepLinksForAarDebug UP-TO-DATE
> Task :feature:chat:mergeDebugGeneratedProguardFiles UP-TO-DATE
> Task :feature:chat:mergeDebugConsumerProguardFiles UP-TO-DATE
> Task :feature:chat:prepareDebugArtProfile UP-TO-DATE
> Task :feature:chat:prepareLintJarForPublish UP-TO-DATE
> Task :feature:chat:mergeDebugJavaResource UP-TO-DATE
> Task :feature:tools:bundleLibRuntimeToDirDebug
> Task :feature:channels:bundleLibRuntimeToDirDebug
> Task :feature:chat:syncDebugLibJars
> Task :feature:voice:transformDebugClassesWithAsm
> Task :feature:chat:bundleDebugAar
> Task :feature:chat:assembleDebug
> Task :feature:settings:stripDebugDebugSymbols NO-SOURCE
> Task :feature:settings:copyDebugJniLibsProjectAndLocalJars UP-TO-DATE
> Task :feature:chat:bundleLibRuntimeToDirDebug
> Task :feature:settings:extractDebugAnnotations
> Task :feature:settings:extractDeepLinksForAarDebug UP-TO-DATE
> Task :feature:settings:mergeDebugGeneratedProguardFiles UP-TO-DATE
> Task :feature:settings:mergeDebugConsumerProguardFiles UP-TO-DATE
> Task :feature:settings:prepareDebugArtProfile UP-TO-DATE
> Task :feature:settings:prepareLintJarForPublish UP-TO-DATE
> Task :feature:settings:mergeDebugJavaResource UP-TO-DATE
> Task :feature:voice:bundleLibCompileToJarDebug
> Task :feature:voice:bundleLibRuntimeToJarDebug
> Task :feature:voice:bundleLibRuntimeToDirDebug
> Task :feature:settings:syncDebugLibJars

> Task :app:compileDebugJavaWithJavac
Note: Some input files use or override a deprecated API.
Note: Recompile with -Xlint:deprecation for details.

> Task :app:processDebugJavaRes UP-TO-DATE
> Task :app:mergeDebugJavaResource UP-TO-DATE
> Task :feature:settings:bundleDebugAar
> Task :feature:settings:assembleDebug
> Task :feature:tools:stripDebugDebugSymbols NO-SOURCE
> Task :feature:tools:copyDebugJniLibsProjectAndLocalJars UP-TO-DATE
> Task :feature:tools:extractDebugAnnotations UP-TO-DATE
> Task :feature:tools:extractDeepLinksForAarDebug UP-TO-DATE
> Task :feature:tools:mergeDebugGeneratedProguardFiles UP-TO-DATE
> Task :feature:tools:mergeDebugConsumerProguardFiles UP-TO-DATE
> Task :feature:tools:prepareDebugArtProfile UP-TO-DATE
> Task :feature:tools:prepareLintJarForPublish UP-TO-DATE
> Task :feature:tools:mergeDebugJavaResource UP-TO-DATE
> Task :feature:tools:syncDebugLibJars UP-TO-DATE
> Task :feature:tools:bundleDebugAar UP-TO-DATE
> Task :feature:tools:assembleDebug UP-TO-DATE
> Task :feature:voice:stripDebugDebugSymbols NO-SOURCE
> Task :feature:voice:copyDebugJniLibsProjectAndLocalJars UP-TO-DATE
> Task :feature:voice:extractDebugAnnotations UP-TO-DATE
> Task :feature:voice:extractDeepLinksForAarDebug UP-TO-DATE
> Task :feature:voice:mergeDebugGeneratedProguardFiles UP-TO-DATE
> Task :feature:voice:mergeDebugConsumerProguardFiles UP-TO-DATE
> Task :feature:voice:prepareDebugArtProfile UP-TO-DATE
> Task :feature:voice:prepareLintJarForPublish UP-TO-DATE
> Task :feature:voice:mergeDebugJavaResource UP-TO-DATE
> Task :feature:voice:syncDebugLibJars UP-TO-DATE
> Task :feature:voice:bundleDebugAar UP-TO-DATE
> Task :feature:voice:assembleDebug UP-TO-DATE
> Task :app:mergeLibDexDebug
> Task :app:transformDebugClassesWithAsm
> Task :app:dexBuilderDebug
> Task :app:mergeDebugGlobalSynthetics UP-TO-DATE
> Task :app:mergeProjectDexDebug
> Task :app:packageDebug
> Task :app:createDebugApkListingFileRedirect
> Task :app:assembleDebug

BUILD SUCCESSFUL in 1m 15s
316 actionable tasks: 66 executed, 250 up-to-date
